ERROR:  While executing gem ... (Gem::RemoteFetcher::FetchError)
    Errno::ETIMEDOUT: Connection timed out - connect(2) for "api.rubygems.org" port 443 (https://api.rubygems.org/api/v1/dependencies?gems=tilt)
dubuntu@ubuntServ:~/Desktop/spree2$ sudo gem install spree
[sudo] password for dubuntu: 
ERROR:  While executing gem ... (Gem::RemoteFetcher::FetchError)
    Errno::ETIMEDOUT: Connection timed out - connect(2) for "api.rubygems.org" port 443 (https://api.rubygems.org/api/v1/dependencies?gems=tilt)
dubuntu@ubuntServ:~/Desktop/spree2$ sudo gem install spree
ERROR:  Could not find a valid gem 'spree' (>= 0), here is why:
          Unable to download data from https://rubygems.org/ - Errno::ETIMEDOUT: Connection timed out - connect(2) for "api.rubygems.org" port 443 (https://api.rubygems.org/latest_specs.4.8.gz)
ERROR:  Possible alternatives: spree
dubuntu@ubuntServ:~/Desktop/spree2$ sudo gem install spree
ERROR:  While executing gem ... (Gem::RemoteFetcher::FetchError)
    Errno::ETIMEDOUT: Connection timed out - connect(2) for "api.rubygems.org" port 443 (https://api.rubygems.org/api/v1/dependencies?gems=tilt)
dubuntu@ubuntServ:~/Desktop/spree2$ sudo gem install spree_cmd
ERROR:  Could not find a valid gem 'spree_cmd' (>= 0), here is why:
          Unable to download data from https://rubygems.org/ - Errno::ETIMEDOUT: Connection timed out - connect(2) for "api.rubygems.org" port 443 (https://api.rubygems.org/latest_specs.4.8.gz)
ERROR:  Possible alternatives: spree_cmd
dubuntu@ubuntServ:~/Desktop/spree2$ sudo gem install spree_cmd
Fetching: spree_cmd-2.4.2.gem (100%)
Successfully installed spree_cmd-2.4.2
Parsing documentation for spree_cmd-2.4.2
Installing ri documentation for spree_cmd-2.4.2
Done installing documentation for spree_cmd after 0 seconds
1 gem installed
dubuntu@ubuntServ:~/Desktop/spree2$ spree install my_store -A
my_store is not a rails project.
dubuntu@ubuntServ:~/Desktop/spree2$ rails _4.1.8_ new my_store
      create  
      create  README.rdoc
      create  Rakefile
      create  config.ru
      create  .gitignore
      create  Gemfile
      create  app
      create  app/assets/javascripts/application.js
      create  app/assets/stylesheets/application.css
      create  app/controllers/application_controller.rb
      create  app/helpers/application_helper.rb
      create  app/views/layouts/application.html.erb
      create  app/assets/images/.keep
      create  app/mailers/.keep
      create  app/models/.keep
      create  app/controllers/concerns/.keep
      create  app/models/concerns/.keep
      create  bin
      create  bin/bundle
      create  bin/rails
      create  bin/rake
      create  config
      create  config/routes.rb
      create  config/application.rb
      create  config/environment.rb
      create  config/secrets.yml
      create  config/environments
      create  config/environments/development.rb
      create  config/environments/production.rb
      create  config/environments/test.rb
      create  config/initializers
      create  config/initializers/assets.rb
      create  config/initializers/backtrace_silencers.rb
      create  config/initializers/cookies_serializer.rb
      create  config/initializers/filter_parameter_logging.rb
      create  config/initializers/inflections.rb
      create  config/initializers/mime_types.rb
      create  config/initializers/session_store.rb
      create  config/initializers/wrap_parameters.rb
      create  config/locales
      create  config/locales/en.yml
      create  config/boot.rb
      create  config/database.yml
      create  db
      create  db/seeds.rb
      create  lib
      create  lib/tasks
      create  lib/tasks/.keep
      create  lib/assets
      create  lib/assets/.keep
      create  log
      create  log/.keep
      create  public
      create  public/404.html
      create  public/422.html
      create  public/500.html
      create  public/favicon.ico
      create  public/robots.txt
      create  test/fixtures
      create  test/fixtures/.keep
      create  test/controllers
      create  test/controllers/.keep
      create  test/mailers
      create  test/mailers/.keep
      create  test/models
      create  test/models/.keep
      create  test/helpers
      create  test/helpers/.keep
      create  test/integration
      create  test/integration/.keep
      create  test/test_helper.rb
      create  tmp/cache
      create  tmp/cache/assets
      create  vendor/assets/javascripts
      create  vendor/assets/javascripts/.keep
      create  vendor/assets/stylesheets
      create  vendor/assets/stylesheets/.keep
         run  bundle install
/var/lib/gems/2.1.0/gems/bundler-1.6.3/lib/bundler.rb:301: warning: Insecure world writable dir /opt in PATH, mode 040777
Fetching gem metadata from https://rubygems.org/..........
Resolving dependencies...
Installing rake 10.4.2
Installing i18n 0.7.0
Using json 1.8.1
Installing minitest 5.5.0
Using thread_safe 0.3.4
Using tzinfo 1.2.2
Using activesupport 4.1.8
Using builder 3.2.2
Using erubis 2.7.0
Using actionview 4.1.8
Using rack 1.5.2
Using rack-test 0.6.2
Using actionpack 4.1.8
Installing mime-types 2.4.3
Installing mail 2.6.3
Using actionmailer 4.1.8
Using activemodel 4.1.8
Using arel 5.0.1.20140414130214
Using activerecord 4.1.8
Using bundler 1.6.3
Using coffee-script-source 1.8.0
Installing execjs 2.2.2
Using coffee-script 2.3.0
Using thor 0.19.1
Using railties 4.1.8
Using coffee-rails 4.0.1
Using hike 1.2.3
Using multi_json 1.10.1
Installing jbuilder 2.2.6
Installing jquery-rails 3.1.2
Using tilt 1.4.1
Installing sprockets 2.12.3
Installing sprockets-rails 2.2.2
Using rails 4.1.8
Installing rdoc 4.2.0
Using sass 3.2.19
Installing sass-rails 4.0.5
Using sdoc 0.4.1
Installing spring 1.2.0
Installing sqlite3 1.3.10
Installing turbolinks 2.5.3
Installing uglifier 2.6.1
Your bundle is complete!
Use `bundle show [gemname]` to see where a bundled gem is installed.
Post-install message from rdoc:
Depending on your version of ruby, you may need to install ruby rdoc/ri data:

<= 1.8.6 : unsupported
 = 1.8.7 : gem install rdoc-data; rdoc-data --install
 = 1.9.1 : gem install rdoc-data; rdoc-data --install
>= 1.9.2 : nothing to do! Yay!
         run  bundle exec spring binstub --all
/var/lib/gems/2.1.0/gems/bundler-1.6.3/lib/bundler/runtime.rb:222: warning: Insecure world writable dir /opt in PATH, mode 040777
/var/lib/gems/2.1.0/gems/bundler-1.6.3/lib/bundler/runtime.rb:222: warning: Insecure world writable dir /opt in PATH, mode 040777
* bin/rake: spring inserted
* bin/rails: spring inserted
dubuntu@ubuntServ:~/Desktop/spree2$ spree install my_store -A
/var/lib/gems/2.1.0/gems/spree_cmd-2.4.2/lib/spree_cmd/installer.rb:194: warning: Insecure world writable dir /opt in PATH, mode 040777
     gemfile  spree
     gemfile  spree_gateway
     gemfile  spree_auth_devise
         run  bundle install from "./my_store"
/var/lib/gems/2.1.0/gems/bundler-1.6.3/lib/bundler.rb:301: warning: Insecure world writable dir /opt in PATH, mode 040777
/var/lib/gems/2.1.0/gems/railties-4.1.8/lib/rails/app_rails_loader.rb:37: warning: Insecure world writable dir /opt in PATH, mode 040777
Warning: Running `gem pristine --all` to regenerate your installed gemspecs (and deleting then reinstalling your bundle if you use bundle --path) will improve the startup performance of Spring.
/var/lib/gems/2.1.0/gems/bundler-1.6.3/lib/bundler.rb:301: warning: Insecure world writable dir /opt in PATH, mode 040777
/var/lib/gems/2.1.0/gems/bundler-1.6.3/lib/bundler.rb:301: warning: Insecure world writable dir /opt in PATH, mode 040777
[WARNING] You are not setting Devise.secret_key within your application!
You must set this in config/initializers/devise.rb. Here's an example:
 
Devise.secret_key = "0401938ada614d5731e03b8fc9d19c85196173024eed160a82f05270a5e5a4cd048d8a2bfa6b8c53411ceec3bd6fb79b32d6"
      create  config/initializers/spree.rb
      create  config/spree.yml
      append  public/robots.txt
      create  vendor/assets/javascripts/spree/frontend
      create  vendor/assets/javascripts/spree/backend
      create  vendor/assets/stylesheets/spree/frontend
      create  vendor/assets/stylesheets/spree/backend
      create  vendor/assets/images/spree/frontend
      create  vendor/assets/images/spree/backend
      create  vendor/assets/javascripts/spree/frontend/all.js
      create  vendor/assets/stylesheets/spree/frontend/all.css
      create  vendor/assets/javascripts/spree/backend/all.js
      create  vendor/assets/stylesheets/spree/backend/all.css
      create  app/overrides
      append  db/seeds.rb
     copying  migrations
/var/lib/gems/2.1.0/gems/bundler-1.6.3/lib/bundler.rb:301: warning: Insecure world writable dir /opt in PATH, mode 040777
    creating  database
     running  migrations
     loading  seed data
     loading  sample data
      insert  config/routes.rb
**************************************************
We added the following line to your application's config/routes.rb file:
 
    mount Spree::Core::Engine, :at => '/'
**************************************************
Spree has been installed successfully. You're all ready to go!
 
Enjoy!
dubuntu@ubuntServ:~/Desktop/spree2$ bundle install
/var/lib/gems/2.1.0/gems/bundler-1.6.3/lib/bundler/vendor/thor/shell/basic.rb:355: warning: Insecure world writable dir /opt in PATH, mode 040777
Could not locate Gemfile
dubuntu@ubuntServ:~/Desktop/spree2$ cd my_store
dubuntu@ubuntServ:~/Desktop/spree2/my_store$ bundle install
/var/lib/gems/2.1.0/gems/bundler-1.6.3/lib/bundler.rb:301: warning: Insecure world writable dir /opt in PATH, mode 040777
Using rake 10.4.2
Using i18n 0.7.0
Using json 1.8.1
Using minitest 5.5.0
Using thread_safe 0.3.4
Using tzinfo 1.2.2
Using activesupport 4.1.8
Using builder 3.2.2
Using erubis 2.7.0
Using actionview 4.1.8
Using rack 1.5.2
Using rack-test 0.6.2
Using actionpack 4.1.8
Using mime-types 2.4.3
Using mail 2.6.3
Using actionmailer 4.1.8
Using active_utils 2.2.3
Using mini_portile 0.6.2
Using nokogiri 1.6.5
Using money 6.5.0
Using offsite_payments 2.0.1
Using activemerchant 1.44.1
Using activemodel 4.1.8
Using arel 5.0.1.20140414130214
Using activerecord 4.1.8
Using acts_as_list 0.3.0
Using addressable 2.3.6
Using awesome_nested_set 3.0.1
Using bcrypt 3.1.9
Using camertron-eprun 1.1.0
Using cancan 1.6.10
Using cancancan 1.9.2
Using bundler 1.6.3
Using thor 0.19.1
Using railties 4.1.8
Using hike 1.2.3
Using multi_json 1.10.1
Using tilt 1.4.1
Using sprockets 2.12.3
Using sprockets-rails 2.2.2
Using rails 4.1.8
Using canonical-rails 0.0.7
Using unicode_utils 1.4.0
Using carmen 1.0.1
Using cldr-plurals-runtime-rb 1.0.0
Using climate_control 0.0.3
Using cocaine 0.5.5
Using coffee-script-source 1.8.0
Using execjs 2.2.2
Using coffee-script 2.3.0
Using coffee-rails 4.0.1
Using colorize 0.7.5
Using css_parser 1.3.5
Using polyglot 0.3.5
Using deface 1.0.1
Using orm_adapter 0.5.0
Using warden 1.2.3
Using devise 3.2.4
Using devise-encryptable 0.1.2
Using ffaker 1.25.0
Using font-awesome-rails 4.2.0.0
Using friendly_id 5.0.4
Using highline 1.6.21
Using htmlentities 4.3.3
Using multi_xml 0.5.5
Using httparty 0.13.3
Using jbuilder 2.2.6
Using jquery-rails 3.1.2
Using jquery-ui-rails 5.0.3
Using kaminari 0.16.1
Using monetize 1.1.0
Using paperclip 4.2.1
Using paranoia 2.0.4
Using polyamorous 1.1.0
Using premailer 1.8.2
Using premailer-rails 1.8.0
Using rabl 0.9.4.pre1
Using ransack 1.4.1
Using rdoc 4.2.0
Using sass 3.2.19
Using sass-rails 4.0.5
Using sdoc 0.4.1
Using select2-rails 3.5.9.1
Using state_machine 1.2.0
Using stringex 1.5.1
Using truncate_html 0.9.2
Using twitter_cldr 3.1.1
Using spree_core 2.4.2
Using versioncake 2.3.1
Using spree_api 2.4.2
Using spree_backend 2.4.2
Using spree_cmd 2.4.2
Using spree_frontend 2.4.2
Using spree_sample 2.4.2
Using spree 2.4.2
Using spree_auth_devise 2.2.0 from git://github.com/spree/spree_auth_devise.git (at 2-4-stable)
Using spree_gateway 2.4.0 from git://github.com/spree/spree_gateway.git (at 2-4-stable)
Using spring 1.2.0
Using sqlite3 1.3.10
Using turbolinks 2.5.3
Using uglifier 2.6.1
Your bundle is complete!
Use `bundle show [gemname]` to see where a bundled gem is installed.
dubuntu@ubuntServ:~/Desktop/spree2/my_store$ rails g spree:install --sample=false --seed=false
/var/lib/gems/2.1.0/gems/railties-4.1.8/lib/rails/app_rails_loader.rb:37: warning: Insecure world writable dir /opt in PATH, mode 040777
Warning: Running `gem pristine --all` to regenerate your installed gemspecs (and deleting then reinstalling your bundle if you use bundle --path) will improve the startup performance of Spring.
    conflict  config/initializers/spree.rb
Overwrite /home/dubuntu/Desktop/spree2/my_store/config/initializers/spree.rb? (enter "h" for help) [Ynaqdh] y
       force  config/initializers/spree.rb
   identical  config/spree.yml
      append  public/robots.txt
       exist  vendor/assets/javascripts/spree/frontend
       exist  vendor/assets/javascripts/spree/backend
       exist  vendor/assets/stylesheets/spree/frontend
       exist  vendor/assets/stylesheets/spree/backend
       exist  vendor/assets/images/spree/frontend
       exist  vendor/assets/images/spree/backend
   identical  vendor/assets/javascripts/spree/frontend/all.js
   identical  vendor/assets/stylesheets/spree/frontend/all.css
   identical  vendor/assets/javascripts/spree/backend/all.js
   identical  vendor/assets/stylesheets/spree/backend/all.css
       exist  app/overrides
      append  db/seeds.rb
     copying  migrations
/var/lib/gems/2.1.0/gems/bundler-1.6.3/lib/bundler.rb:301: warning: Insecure world writable dir /opt in PATH, mode 040777
    creating  database
     running  migrations
    skipping  seed data (you can always run rake db:seed)
    skipping  sample data (you can always run rake spree_sample:load)
      insert  config/routes.rb
**************************************************
We added the following line to your application's config/routes.rb file:
 
    mount Spree::Core::Engine, :at => '/'
**************************************************
Spree has been installed successfully. You're all ready to go!
 
Enjoy!
dubuntu@ubuntServ:~/Desktop/spree2/my_store$ rails g spree:install --migrate=false --sample=false --seed=false
/var/lib/gems/2.1.0/gems/railties-4.1.8/lib/rails/app_rails_loader.rb:37: warning: Insecure world writable dir /opt in PATH, mode 040777
Warning: Running `gem pristine --all` to regenerate your installed gemspecs (and deleting then reinstalling your bundle if you use bundle --path) will improve the startup performance of Spring.
    conflict  config/initializers/spree.rb
Overwrite /home/dubuntu/Desktop/spree2/my_store/config/initializers/spree.rb? (enter "h" for help) [Ynaqdh] y
       force  config/initializers/spree.rb
   identical  config/spree.yml
      append  public/robots.txt
       exist  vendor/assets/javascripts/spree/frontend
       exist  vendor/assets/javascripts/spree/backend
       exist  vendor/assets/stylesheets/spree/frontend
       exist  vendor/assets/stylesheets/spree/backend
       exist  vendor/assets/images/spree/frontend
       exist  vendor/assets/images/spree/backend
   identical  vendor/assets/javascripts/spree/frontend/all.js
   identical  vendor/assets/stylesheets/spree/frontend/all.css
   identical  vendor/assets/javascripts/spree/backend/all.js
   identical  vendor/assets/stylesheets/spree/backend/all.css
       exist  app/overrides
      append  db/seeds.rb
     copying  migrations
/var/lib/gems/2.1.0/gems/bundler-1.6.3/lib/bundler.rb:301: warning: Insecure world writable dir /opt in PATH, mode 040777
    creating  database
    skipping  migrations (don't forget to run rake db:migrate)
    skipping  seed data (you can always run rake db:seed)
    skipping  sample data (you can always run rake spree_sample:load)
      insert  config/routes.rb
**************************************************
We added the following line to your application's config/routes.rb file:
 
    mount Spree::Core::Engine, :at => '/'
**************************************************
Spree has been installed successfully. You're all ready to go!
 
Enjoy!
dubuntu@ubuntServ:~/Desktop/spree2/my_store$ bundle exec rake railties:install:migrations
/var/lib/gems/2.1.0/gems/bundler-1.6.3/lib/bundler/runtime.rb:222: warning: Insecure world writable dir /opt in PATH, mode 040777
/var/lib/gems/2.1.0/gems/bundler-1.6.3/lib/bundler.rb:301: warning: Insecure world writable dir /opt in PATH, mode 040777
dubuntu@ubuntServ:~/Desktop/spree2/my_store$ bundle exec rake db:migrate
/var/lib/gems/2.1.0/gems/bundler-1.6.3/lib/bundler/runtime.rb:222: warning: Insecure world writable dir /opt in PATH, mode 040777
/var/lib/gems/2.1.0/gems/bundler-1.6.3/lib/bundler.rb:301: warning: Insecure world writable dir /opt in PATH, mode 040777
[WARNING] You are not setting Devise.secret_key within your application!
You must set this in config/initializers/devise.rb. Here's an example:
 
Devise.secret_key = "6bf892547fe43267cb6e6033d48faf17cc58340c22999c66c750002d96ff24e5576f543ed6d05f4a6cf935c7ec8904bcbd6e"
dubuntu@ubuntServ:~/Desktop/spree2/my_store$ bundle exec rake railties:install:migrations
/var/lib/gems/2.1.0/gems/bundler-1.6.3/lib/bundler/runtime.rb:222: warning: Insecure world writable dir /opt in PATH, mode 040777
/var/lib/gems/2.1.0/gems/bundler-1.6.3/lib/bundler.rb:301: warning: Insecure world writable dir /opt in PATH, mode 040777
dubuntu@ubuntServ:~/Desktop/spree2/my_store$ bundle exec rake db:migrate
/var/lib/gems/2.1.0/gems/bundler-1.6.3/lib/bundler/runtime.rb:222: warning: Insecure world writable dir /opt in PATH, mode 040777
/var/lib/gems/2.1.0/gems/bundler-1.6.3/lib/bundler.rb:301: warning: Insecure world writable dir /opt in PATH, mode 040777
[WARNING] You are not setting Devise.secret_key within your application!
You must set this in config/initializers/devise.rb. Here's an example:
 
Devise.secret_key = "831e269135df711f0eb52a0b5082ad96d24ab62aea1ec5ed1aa8918aa872f6f6364494d41418ae55c1f14425c0311e4b1d15"
dubuntu@ubuntServ:~/Desktop/spree2/my_store$ bundle exec rake db:seed
/var/lib/gems/2.1.0/gems/bundler-1.6.3/lib/bundler/runtime.rb:222: warning: Insecure world writable dir /opt in PATH, mode 040777
/var/lib/gems/2.1.0/gems/bundler-1.6.3/lib/bundler.rb:301: warning: Insecure world writable dir /opt in PATH, mode 040777
[WARNING] You are not setting Devise.secret_key within your application!
You must set this in config/initializers/devise.rb. Here's an example:
 
Devise.secret_key = "4527e3f0e999ff047c824c24d32351c6a998ff39e9a7f6d6fe3f0a39d7431846211ba68b00f943fbc5c88ea6551f9d4b6652"
loading ruby /var/lib/gems/2.1.0/gems/spree_core-2.4.2/db/default/spree/countries.rb
loading ruby /var/lib/gems/2.1.0/gems/spree_core-2.4.2/db/default/spree/roles.rb
loading ruby /var/lib/gems/2.1.0/gems/spree_core-2.4.2/db/default/spree/states.rb
loading ruby /var/lib/gems/2.1.0/gems/spree_core-2.4.2/db/default/spree/stores.rb
loading ruby /var/lib/gems/2.1.0/gems/spree_core-2.4.2/db/default/spree/zones.rb
rake aborted!
ActiveRecord::RecordInvalid: Validation failed: Name has already been taken
/var/lib/gems/2.1.0/gems/activerecord-4.1.8/lib/active_record/validations.rb:57:in `save!'
/var/lib/gems/2.1.0/gems/activerecord-4.1.8/lib/active_record/attribute_methods/dirty.rb:29:in `save!'
/var/lib/gems/2.1.0/gems/activerecord-4.1.8/lib/active_record/transactions.rb:273:in `block in save!'
/var/lib/gems/2.1.0/gems/activerecord-4.1.8/lib/active_record/transactions.rb:329:in `block in with_transaction_returning_status'
/var/lib/gems/2.1.0/gems/activerecord-4.1.8/lib/active_record/connection_adapters/abstract/database_statements.rb:201:in `block in transaction'
/var/lib/gems/2.1.0/gems/activerecord-4.1.8/lib/active_record/connection_adapters/abstract/database_statements.rb:209:in `within_new_transaction'
/var/lib/gems/2.1.0/gems/activerecord-4.1.8/lib/active_record/connection_adapters/abstract/database_statements.rb:201:in `transaction'
/var/lib/gems/2.1.0/gems/activerecord-4.1.8/lib/active_record/transactions.rb:208:in `transaction'
/var/lib/gems/2.1.0/gems/activerecord-4.1.8/lib/active_record/transactions.rb:326:in `with_transaction_returning_status'
/var/lib/gems/2.1.0/gems/activerecord-4.1.8/lib/active_record/transactions.rb:273:in `save!'
/var/lib/gems/2.1.0/gems/activerecord-4.1.8/lib/active_record/validations.rb:41:in `create!'
/var/lib/gems/2.1.0/gems/spree_core-2.4.2/db/default/spree/zones.rb:1:in `<top (required)>'
/var/lib/gems/2.1.0/gems/polyglot-0.3.5/lib/polyglot.rb:65:in `require'
/var/lib/gems/2.1.0/gems/polyglot-0.3.5/lib/polyglot.rb:65:in `require'
/var/lib/gems/2.1.0/gems/activesupport-4.1.8/lib/active_support/dependencies.rb:247:in `block in require'
/var/lib/gems/2.1.0/gems/activesupport-4.1.8/lib/active_support/dependencies.rb:232:in `load_dependency'
/var/lib/gems/2.1.0/gems/activesupport-4.1.8/lib/active_support/dependencies.rb:247:in `require'
/var/lib/gems/2.1.0/gems/spree_core-2.4.2/lib/tasks/core.rake:11:in `block (2 levels) in <top (required)>'
/var/lib/gems/2.1.0/gems/spree_core-2.4.2/lib/tasks/core.rake:26:in `block (3 levels) in <top (required)>'
/var/lib/gems/2.1.0/gems/spree_core-2.4.2/lib/tasks/core.rake:24:in `each'
/var/lib/gems/2.1.0/gems/spree_core-2.4.2/lib/tasks/core.rake:24:in `block (2 levels) in <top (required)>'
/var/lib/gems/2.1.0/gems/spree_core-2.4.2/db/seeds.rb:5:in `<top (required)>'
/var/lib/gems/2.1.0/gems/activesupport-4.1.8/lib/active_support/dependencies.rb:241:in `load'
/var/lib/gems/2.1.0/gems/activesupport-4.1.8/lib/active_support/dependencies.rb:241:in `block in load'
/var/lib/gems/2.1.0/gems/activesupport-4.1.8/lib/active_support/dependencies.rb:232:in `load_dependency'
/var/lib/gems/2.1.0/gems/activesupport-4.1.8/lib/active_support/dependencies.rb:241:in `load'
/var/lib/gems/2.1.0/gems/railties-4.1.8/lib/rails/engine.rb:543:in `load_seed'
/var/lib/gems/2.1.0/gems/railties-4.1.8/lib/rails/railtie.rb:194:in `public_send'
/var/lib/gems/2.1.0/gems/railties-4.1.8/lib/rails/railtie.rb:194:in `method_missing'
/home/dubuntu/Desktop/spree2/my_store/db/seeds.rb:10:in `<top (required)>'
/var/lib/gems/2.1.0/gems/activesupport-4.1.8/lib/active_support/dependencies.rb:241:in `load'
/var/lib/gems/2.1.0/gems/activesupport-4.1.8/lib/active_support/dependencies.rb:241:in `block in load'
/var/lib/gems/2.1.0/gems/activesupport-4.1.8/lib/active_support/dependencies.rb:232:in `load_dependency'
/var/lib/gems/2.1.0/gems/activesupport-4.1.8/lib/active_support/dependencies.rb:241:in `load'
/var/lib/gems/2.1.0/gems/railties-4.1.8/lib/rails/engine.rb:543:in `load_seed'
/var/lib/gems/2.1.0/gems/activerecord-4.1.8/lib/active_record/tasks/database_tasks.rb:200:in `load_seed'
/var/lib/gems/2.1.0/gems/activerecord-4.1.8/lib/active_record/railties/databases.rake:174:in `block (2 levels) in <top (required)>'
Tasks: TOP => db:load_dir
(See full trace by running task with --trace)
dubuntu@ubuntServ:~/Desktop/spree2/my_store$ bundle exec rake spree_sample:load
/var/lib/gems/2.1.0/gems/bundler-1.6.3/lib/bundler/runtime.rb:222: warning: Insecure world writable dir /opt in PATH, mode 040777
/var/lib/gems/2.1.0/gems/bundler-1.6.3/lib/bundler.rb:301: warning: Insecure world writable dir /opt in PATH, mode 040777
[WARNING] You are not setting Devise.secret_key within your application!
You must set this in config/initializers/devise.rb. Here's an example:
 
Devise.secret_key = "297c51a2f5dca3bd0e3218c4b339c429ded97d7d1d928a5da4e4b0e8a919587b351a9a6046f6562eb08f17377b0f677e0368"
Loaded Payment Methods samples
Loaded Shipping Categories samples
Loaded Shipping Methods samples
rake aborted!
ActiveRecord::RecordInvalid: Validation failed: Name has already been taken
/var/lib/gems/2.1.0/gems/activerecord-4.1.8/lib/active_record/validations.rb:57:in `save!'
/var/lib/gems/2.1.0/gems/activerecord-4.1.8/lib/active_record/attribute_methods/dirty.rb:29:in `save!'
/var/lib/gems/2.1.0/gems/activerecord-4.1.8/lib/active_record/transactions.rb:273:in `block in save!'
/var/lib/gems/2.1.0/gems/activerecord-4.1.8/lib/active_record/transactions.rb:329:in `block in with_transaction_returning_status'
/var/lib/gems/2.1.0/gems/activerecord-4.1.8/lib/active_record/connection_adapters/abstract/database_statements.rb:201:in `block in transaction'
/var/lib/gems/2.1.0/gems/activerecord-4.1.8/lib/active_record/connection_adapters/abstract/database_statements.rb:209:in `within_new_transaction'
/var/lib/gems/2.1.0/gems/activerecord-4.1.8/lib/active_record/connection_adapters/abstract/database_statements.rb:201:in `transaction'
/var/lib/gems/2.1.0/gems/activerecord-4.1.8/lib/active_record/transactions.rb:208:in `transaction'
/var/lib/gems/2.1.0/gems/activerecord-4.1.8/lib/active_record/transactions.rb:326:in `with_transaction_returning_status'
/var/lib/gems/2.1.0/gems/activerecord-4.1.8/lib/active_record/transactions.rb:273:in `save!'
/var/lib/gems/2.1.0/gems/activerecord-4.1.8/lib/active_record/validations.rb:41:in `create!'
/var/lib/gems/2.1.0/gems/spree_sample-2.4.2/db/samples/tax_categories.rb:1:in `<top (required)>'
/var/lib/gems/2.1.0/gems/polyglot-0.3.5/lib/polyglot.rb:65:in `require'
/var/lib/gems/2.1.0/gems/polyglot-0.3.5/lib/polyglot.rb:65:in `require'
/var/lib/gems/2.1.0/gems/activesupport-4.1.8/lib/active_support/dependencies.rb:247:in `block in require'
/var/lib/gems/2.1.0/gems/activesupport-4.1.8/lib/active_support/dependencies.rb:232:in `load_dependency'
/var/lib/gems/2.1.0/gems/activesupport-4.1.8/lib/active_support/dependencies.rb:247:in `require'
/var/lib/gems/2.1.0/gems/spree_sample-2.4.2/lib/spree/sample.rb:13:in `load_sample'
/var/lib/gems/2.1.0/gems/spree_sample-2.4.2/lib/spree_sample.rb:13:in `load_samples'
/var/lib/gems/2.1.0/gems/spree_sample-2.4.2/lib/tasks/sample.rake:20:in `block (2 levels) in <top (required)>'
Tasks: TOP => spree_sample:load
(See full trace by running task with --trace)
dubuntu@ubuntServ:~/Desktop/spree2/my_store$ 

